--- Research Output ---
Timestamp: 2025-07-30 16:03:55

Test data

